// 重构日志: a3bdb05a
// 重构日志: 711f2d74
// 重构日志: 176d7cf7
// 重构日志: 2e01df8c
// 重构日志: b102a12c
// 同步 ID: 9028cd3f @ Sat Jul 25 13:08:59 UTC 2026
// 重构日志: ea9f19af
// 同步 ID: 9a045f99 @ Sun Jul 26 12:19:38 UTC 2026
// 同步 ID: 8d7a507e @ Sun Jul 26 14:52:07 UTC 2026
// 重构日志: b1f9d7b9
// 同步 ID: df3cf30f @ Sun Jul 26 17:45:30 UTC 2026
// 重构日志: 81b68250
// 同步 ID: d4e0fcf6 @ Tue Jul 28 13:11:03 UTC 2026
// 重构日志: fc6e6ee5
// 重构日志: 6442768d
// 同步 ID: d4b34a53 @ Thu Jul 30 05:22:33 UTC 2026
// 同步 ID: c845bb78 @ Thu Jul 30 12:26:41 UTC 2026
// 同步 ID: 04a41012 @ Thu Jul 30 17:44:09 UTC 2026
// 同步 ID: 48f691f0 @ Fri Jul 31 05:37:51 UTC 2026
// 重构日志: ea41959f
// 同步 ID: 114cb0de @ Sat Aug  1 12:03:15 UTC 2026
// 重构日志: 0ee36e64
// 同步 ID: f771d9fa @ Sat Aug  1 18:37:21 UTC 2026
// 同步 ID: 5f340801 @ Sat Aug  1 23:19:37 UTC 2026
// 同步 ID: a87db7ce @ Sun Aug  2 02:06:51 UTC 2026
// 重构日志: b0570fff
// 同步 ID: 6c1dc026 @ Sun Aug  2 18:03:59 UTC 2026
// 同步 ID: 329b706a @ Mon Aug  3 09:44:26 UTC 2026
// 同步 ID: 924dbe0e @ Tue Aug  4 00:09:35 UTC 2026
// 同步 ID: 93d9319d @ Tue Aug  4 04:27:41 UTC 2026
// 重构日志: b3d02b35
// 重构日志: e7255b81
// 重构日志: cb129ad8
